// Jest Snapshot v1, https://goo.gl/fbAQLP

exports[`<ButtonContainer /> should match the Card snapshot 1`] = `
ShallowWrapper {
  "length": 1,
  Symbol(enzyme.__root__): [Circular],
  Symbol(enzyme.__unrendered__): <ButtonContainer />,
  Symbol(enzyme.__renderer__): Object {
    "batchedUpdates": [Function],
    "getNode": [Function],
    "render": [Function],
    "simulateEvent": [Function],
    "unmount": [Function],
  },
  Symbol(enzyme.__node__): Object {
    "instance": null,
    "key": null,
    "nodeType": "host",
    "props": Object {
      "children": Array [
        <Button
          handleClick={undefined}
          value="vehicles"
/>,
        <Button
          handleClick={undefined}
          value="people"
/>,
        <Button
          handleClick={undefined}
          value="planets"
/>,
        <Button
          handleClick={undefined}
          value="faves"
/>,
      ],
      "className": "button-container",
    },
    "ref": null,
    "rendered": Array [
      Object {
        "instance": null,
        "key": "button-vehicles",
        "nodeType": "function",
        "props": Object {
          "handleClick": undefined,
          "value": "vehicles",
        },
        "ref": null,
        "rendered": null,
        "type": [Function],
      },
      Object {
        "instance": null,
        "key": "button-people",
        "nodeType": "function",
        "props": Object {
          "handleClick": undefined,
          "value": "people",
        },
        "ref": null,
        "rendered": null,
        "type": [Function],
      },
      Object {
        "instance": null,
        "key": "button-planets",
        "nodeType": "function",
        "props": Object {
          "handleClick": undefined,
          "value": "planets",
        },
        "ref": null,
        "rendered": null,
        "type": [Function],
      },
      Object {
        "instance": null,
        "key": "button-faves",
        "nodeType": "function",
        "props": Object {
          "handleClick": undefined,
          "value": "faves",
        },
        "ref": null,
        "rendered": null,
        "type": [Function],
      },
    ],
    "type": "div",
  },
  Symbol(enzyme.__nodes__): Array [
    Object {
      "instance": null,
      "key": null,
      "nodeType": "host",
      "props": Object {
        "children": Array [
          <Button
            handleClick={undefined}
            value="vehicles"
/>,
          <Button
            handleClick={undefined}
            value="people"
/>,
          <Button
            handleClick={undefined}
            value="planets"
/>,
          <Button
            handleClick={undefined}
            value="faves"
/>,
        ],
        "className": "button-container",
      },
      "ref": null,
      "rendered": Array [
        Object {
          "instance": null,
          "key": "button-vehicles",
          "nodeType": "function",
          "props": Object {
            "handleClick": undefined,
            "value": "vehicles",
          },
          "ref": null,
          "rendered": null,
          "type": [Function],
        },
        Object {
          "instance": null,
          "key": "button-people",
          "nodeType": "function",
          "props": Object {
            "handleClick": undefined,
            "value": "people",
          },
          "ref": null,
          "rendered": null,
          "type": [Function],
        },
        Object {
          "instance": null,
          "key": "button-planets",
          "nodeType": "function",
          "props": Object {
            "handleClick": undefined,
            "value": "planets",
          },
          "ref": null,
          "rendered": null,
          "type": [Function],
        },
        Object {
          "instance": null,
          "key": "button-faves",
          "nodeType": "function",
          "props": Object {
            "handleClick": undefined,
            "value": "faves",
          },
          "ref": null,
          "rendered": null,
          "type": [Function],
        },
      ],
      "type": "div",
    },
  ],
  Symbol(enzyme.__options__): Object {
    "adapter": ReactSixteenAdapter {
      "options": Object {
        "enableComponentDidUpdateOnSetState": true,
      },
    },
  },
}
`;
